// Jest Snapshot v1, https://goo.gl/fbAQLP

exports[`Icon should match the snapshot 1`] = `
<div
  className="icon-holder"
>
  <nav>
    <Link
      onClick={[Function]}
      to="/"
    >
      <img
        alt="icon with an outline of ron swanson's face and hair"
        height="100px"
        src="ronswanIcon.png"
      />
    </Link>
    <div
      className="title"
    >
      <h1>
        RonSwanBreweries
      </h1>
      <h4
        className="ronswan-quote"
      >
        "Clear alcohols are for rich women on diets."
      </h4>
      <p>
         -Ron Swanson
      </p>
    </div>
  </nav>
</div>
`;
