// Jest Snapshot v1, https://goo.gl/fbAQLP

exports[`Header should match snapshot 1`] = `
<header
  className="header"
>
  <Connect(Icon) />
  <Connect(Form) />
</header>
`;
