// Jest Snapshot v1, https://goo.gl/fbAQLP

exports[`App should match snapshots 1`] = `ShallowWrapper {}`;
