// Jest Snapshot v1, https://goo.gl/fbAQLP

exports[`Card should match snapshot 1`] = `
<article
  className="brew-card"
>
  <NavLink
    className="nav"
    to="/breweries/undefined"
  >
    <h3
      className="brew-name"
    />
  </NavLink>
</article>
`;
